
Memory Configuration

Name             Origin             Length             Attributes
FLASH            0x08000000         0x00010000         xr
SRAM             0x20000000         0x00005000         xrw
*default*        0x00000000         0xffffffff

Linker script and memory map


.text           0x08000000      0x24c
 *(.isr_vector)
 .isr_vector    0x08000000       0xec ./Output/startup_STM32F1.o
                0x08000000                vectors
 *(.text)
 .text          0x080000ec        0x0 ./Output/Control_Led.o
 .text          0x080000ec       0x6c ./Output/GPIO_Config.o
                0x080000ec                configGPIOC
                0x0800011c                toggleLed
 .text          0x08000158       0x54 ./Output/RCC_Config.o
                0x08000158                configRCC
 .text          0x080001ac       0x12 ./Output/main.o
                0x080001ac                main
 *fill*         0x080001be        0x2 
 .text          0x080001c0       0x8c ./Output/startup_STM32F1.o
                0x080001c0                Reset_Handler
                0x08000244                EXTI2_IRQHandler
                0x08000244                DebugMon_Handler
                0x08000244                TIM1_CC_IRQHandler
                0x08000244                HardFault_Handler
                0x08000244                SysTick_Handler
                0x08000244                PendSV_Handler
                0x08000244                NMI_Handler
                0x08000244                EXTI3_IRQHandler
                0x08000244                EXTI0_IRQHandler
                0x08000244                I2C2_EV_IRQHandler
                0x08000244                UsageFault_Handler
                0x08000244                ADC1_2_IRQHandler
                0x08000244                SPI1_IRQHandler
                0x08000244                TAMPER_IRQHandler
                0x08000244                DMA1_Channel4_IRQHandler
                0x08000244                USART3_IRQHandler
                0x08000244                RTC_IRQHandler
                0x08000244                DMA1_Channel7_IRQHandler
                0x08000244                RTC_Alarm_IRQHandler
                0x08000244                CAN1_RX1_IRQHandler
                0x08000244                TIM4_IRQHandler
                0x08000244                I2C1_EV_IRQHandler
                0x08000244                DMA1_Channel6_IRQHandler
                0x08000244                TIM3_IRQHandler
                0x08000244                RCC_IRQHandler
                0x08000244                TIM1_TRG_COM_IRQHandler
                0x08000244                DMA1_Channel1_IRQHandler
                0x08000244                Default_Handler
                0x08000244                EXTI15_10_IRQHandler
                0x08000244                EXTI9_5_IRQHandler
                0x08000244                SPI2_IRQHandler
                0x08000244                MemManage_Handler
                0x08000244                SVC_Handler
                0x08000244                DMA1_Channel5_IRQHandler
                0x08000244                EXTI4_IRQHandler
                0x08000244                USB_LP_CAN1_RX0_IRQHandler
                0x08000244                USB_HP_CAN1_TX_IRQHandler
                0x08000244                DMA1_Channel3_IRQHandler
                0x08000244                TIM1_UP_IRQHandler
                0x08000244                WWDG_IRQHandler
                0x08000244                TIM2_IRQHandler
                0x08000244                PVD_Handler
                0x08000244                TIM1_BRK_IRQHandler
                0x08000244                EXTI1_IRQHandler
                0x08000244                USART2_IRQHandler
                0x08000244                I2C2_ER_IRQHandler
                0x08000244                DMA1_Channel2_IRQHandler
                0x08000244                CAN1_SCE_IRQHandler
                0x08000244                FLASH_IRQHandler
                0x08000244                BusFault_Handler
                0x08000244                USART1_IRQHandler
                0x08000244                I2C1_ER_IRQHandler
                0x08000244                USBWakeUp_IRQHandler
 *(.rodata)
                0x0800024c                . = ALIGN (0x4)
                0x0800024c                _etext = .
                0x0800024c                _la_data = LOADADDR (.data)

.glue_7         0x0800024c        0x0
 .glue_7        0x0800024c        0x0 linker stubs

.glue_7t        0x0800024c        0x0
 .glue_7t       0x0800024c        0x0 linker stubs

.vfp11_veneer   0x0800024c        0x0
 .vfp11_veneer  0x0800024c        0x0 linker stubs

.v4_bx          0x0800024c        0x0
 .v4_bx         0x0800024c        0x0 linker stubs

.iplt           0x0800024c        0x0
 .iplt          0x0800024c        0x0 ./Output/GPIO_Config.o

.rel.dyn        0x0800024c        0x0
 .rel.iplt      0x0800024c        0x0 ./Output/GPIO_Config.o

.data           0x20000000       0x44 load address 0x0800024c
                0x20000000                _sdata = .
 *(.data)
 .data          0x20000000        0x0 ./Output/Control_Led.o
 .data          0x20000000       0x1c ./Output/GPIO_Config.o
                0x20000000                CRL
                0x20000004                CRH
                0x20000008                IDR
                0x2000000c                ODR
                0x20000010                BSRR
                0x20000014                BRR
                0x20000018                LCKR
 .data          0x2000001c       0x28 ./Output/RCC_Config.o
                0x2000001c                CR
                0x20000020                CFGR
                0x20000024                CIR
                0x20000028                APB2RSTR
                0x2000002c                APB1RSTR
                0x20000030                AHBENR
                0x20000034                APB2ENR
                0x20000038                APB1ENR
                0x2000003c                BDCR
                0x20000040                CSR
 .data          0x20000044        0x0 ./Output/main.o
 .data          0x20000044        0x0 ./Output/startup_STM32F1.o
                0x20000044                . = ALIGN (0x4)
                0x20000044                _edata = .

.igot.plt       0x20000044        0x0 load address 0x08000290
 .igot.plt      0x20000044        0x0 ./Output/GPIO_Config.o

.bss            0x20000044        0x0 load address 0x08000290
                0x20000044                _sbss = .
 *(.bss)
 .bss           0x20000044        0x0 ./Output/Control_Led.o
 .bss           0x20000044        0x0 ./Output/GPIO_Config.o
 .bss           0x20000044        0x0 ./Output/RCC_Config.o
 .bss           0x20000044        0x0 ./Output/main.o
 .bss           0x20000044        0x0 ./Output/startup_STM32F1.o
 *(.COMMON)
                0x20000044                . = ALIGN (0x4)
                0x20000044                _ebss = .
LOAD ./Output/Control_Led.o
LOAD ./Output/GPIO_Config.o
LOAD ./Output/RCC_Config.o
LOAD ./Output/main.o
LOAD ./Output/startup_STM32F1.o
OUTPUT(./Bin/toggle_led.elf elf32-littlearm)
LOAD linker stubs

.debug_line     0x00000000      0x1fd
 .debug_line    0x00000000        0x0 ./Output/Control_Led.o
 .debug_line    0x00000000       0x75 ./Output/GPIO_Config.o
 .debug_line    0x00000075       0x70 ./Output/RCC_Config.o
 .debug_line    0x000000e5       0x4f ./Output/main.o
 .debug_line    0x00000134       0xc9 ./Output/startup_STM32F1.o

.debug_str      0x00000000      0x24d
 .debug_str     0x00000000       0xc4 ./Output/Control_Led.o
 .debug_str     0x000000c4       0x9c ./Output/GPIO_Config.o
                                0x168 (size before relaxing)
 .debug_str     0x00000160       0x5b ./Output/RCC_Config.o
                                0x183 (size before relaxing)
 .debug_str     0x000001bb       0x1a ./Output/main.o
                                0x142 (size before relaxing)
 .debug_str     0x000001d5       0x78 ./Output/startup_STM32F1.o
                                0x18f (size before relaxing)

.comment        0x00000000       0x49
 .comment       0x00000000       0x49 ./Output/Control_Led.o
                                 0x4a (size before relaxing)
 .comment       0x00000049       0x4a ./Output/GPIO_Config.o
 .comment       0x00000049       0x4a ./Output/RCC_Config.o
 .comment       0x00000049       0x4a ./Output/main.o
 .comment       0x00000049       0x4a ./Output/startup_STM32F1.o

.ARM.attributes
                0x00000000       0x2d
 .ARM.attributes
                0x00000000       0x2d ./Output/Control_Led.o
 .ARM.attributes
                0x0000002d       0x2d ./Output/GPIO_Config.o
 .ARM.attributes
                0x0000005a       0x2d ./Output/RCC_Config.o
 .ARM.attributes
                0x00000087       0x2d ./Output/main.o
 .ARM.attributes
                0x000000b4       0x2d ./Output/startup_STM32F1.o

.debug_info     0x00000000      0x471
 .debug_info    0x00000000      0x143 ./Output/GPIO_Config.o
 .debug_info    0x00000143      0x14a ./Output/RCC_Config.o
 .debug_info    0x0000028d       0x8c ./Output/main.o
 .debug_info    0x00000319      0x158 ./Output/startup_STM32F1.o

.debug_abbrev   0x00000000      0x245
 .debug_abbrev  0x00000000       0xb0 ./Output/GPIO_Config.o
 .debug_abbrev  0x000000b0       0x7a ./Output/RCC_Config.o
 .debug_abbrev  0x0000012a       0x44 ./Output/main.o
 .debug_abbrev  0x0000016e       0xd7 ./Output/startup_STM32F1.o

.debug_aranges  0x00000000       0x80
 .debug_aranges
                0x00000000       0x20 ./Output/GPIO_Config.o
 .debug_aranges
                0x00000020       0x20 ./Output/RCC_Config.o
 .debug_aranges
                0x00000040       0x20 ./Output/main.o
 .debug_aranges
                0x00000060       0x20 ./Output/startup_STM32F1.o

.debug_frame    0x00000000      0x100
 .debug_frame   0x00000000       0x58 ./Output/GPIO_Config.o
 .debug_frame   0x00000058       0x30 ./Output/RCC_Config.o
 .debug_frame   0x00000088       0x2c ./Output/main.o
 .debug_frame   0x000000b4       0x4c ./Output/startup_STM32F1.o
