
Memory Configuration

Name             Origin             Length             Attributes
FLASH            0x08000000         0x00010000         xr
SRAM             0x20000000         0x00005000         xrw
*default*        0x00000000         0xffffffff

Linker script and memory map


.text           0x08000000      0x224
 *(.isr_vector)
 .isr_vector    0x08000000       0xec ./Output/startup_STM32F1.o
                0x08000000                vectors
 *(.text)
 .text          0x080000ec       0x38 ./Output/Control_Led.o
                0x080000ec                toggleLed
 .text          0x08000124       0x28 ./Output/GPIO_Config.o
                0x08000124                configGPIOC
 .text          0x0800014c       0x38 ./Output/RCC_Config.o
                0x0800014c                configRCC
 .text          0x08000184       0x12 ./Output/main.o
                0x08000184                main
 *fill*         0x08000196        0x2 
 .text          0x08000198       0x8c ./Output/startup_STM32F1.o
                0x08000198                Reset_Handler
                0x0800021c                EXTI2_IRQHandler
                0x0800021c                DebugMon_Handler
                0x0800021c                TIM1_CC_IRQHandler
                0x0800021c                HardFault_Handler
                0x0800021c                SysTick_Handler
                0x0800021c                PendSV_Handler
                0x0800021c                NMI_Handler
                0x0800021c                EXTI3_IRQHandler
                0x0800021c                EXTI0_IRQHandler
                0x0800021c                I2C2_EV_IRQHandler
                0x0800021c                UsageFault_Handler
                0x0800021c                ADC1_2_IRQHandler
                0x0800021c                SPI1_IRQHandler
                0x0800021c                TAMPER_IRQHandler
                0x0800021c                DMA1_Channel4_IRQHandler
                0x0800021c                USART3_IRQHandler
                0x0800021c                RTC_IRQHandler
                0x0800021c                DMA1_Channel7_IRQHandler
                0x0800021c                RTC_Alarm_IRQHandler
                0x0800021c                CAN1_RX1_IRQHandler
                0x0800021c                TIM4_IRQHandler
                0x0800021c                I2C1_EV_IRQHandler
                0x0800021c                DMA1_Channel6_IRQHandler
                0x0800021c                TIM3_IRQHandler
                0x0800021c                RCC_IRQHandler
                0x0800021c                TIM1_TRG_COM_IRQHandler
                0x0800021c                DMA1_Channel1_IRQHandler
                0x0800021c                Default_Handler
                0x0800021c                EXTI15_10_IRQHandler
                0x0800021c                EXTI9_5_IRQHandler
                0x0800021c                SPI2_IRQHandler
                0x0800021c                MemManage_Handler
                0x0800021c                SVC_Handler
                0x0800021c                DMA1_Channel5_IRQHandler
                0x0800021c                EXTI4_IRQHandler
                0x0800021c                USB_LP_CAN1_RX0_IRQHandler
                0x0800021c                USB_HP_CAN1_TX_IRQHandler
                0x0800021c                DMA1_Channel3_IRQHandler
                0x0800021c                TIM1_UP_IRQHandler
                0x0800021c                WWDG_IRQHandler
                0x0800021c                TIM2_IRQHandler
                0x0800021c                PVD_Handler
                0x0800021c                TIM1_BRK_IRQHandler
                0x0800021c                EXTI1_IRQHandler
                0x0800021c                USART2_IRQHandler
                0x0800021c                I2C2_ER_IRQHandler
                0x0800021c                DMA1_Channel2_IRQHandler
                0x0800021c                CAN1_SCE_IRQHandler
                0x0800021c                FLASH_IRQHandler
                0x0800021c                BusFault_Handler
                0x0800021c                USART1_IRQHandler
                0x0800021c                I2C1_ER_IRQHandler
                0x0800021c                USBWakeUp_IRQHandler
 *(.rodata)
                0x08000224                . = ALIGN (0x4)
                0x08000224                _etext = .
                0x08000224                _la_data = LOADADDR (.data)

.glue_7         0x08000224        0x0
 .glue_7        0x08000224        0x0 linker stubs

.glue_7t        0x08000224        0x0
 .glue_7t       0x08000224        0x0 linker stubs

.vfp11_veneer   0x08000224        0x0
 .vfp11_veneer  0x08000224        0x0 linker stubs

.v4_bx          0x08000224        0x0
 .v4_bx         0x08000224        0x0 linker stubs

.iplt           0x08000224        0x0
 .iplt          0x08000224        0x0 ./Output/main.o

.rel.dyn        0x08000224        0x0
 .rel.iplt      0x08000224        0x0 ./Output/main.o

.data           0x20000000        0x0 load address 0x08000224
                0x20000000                _sdata = .
 *(.data)
 .data          0x20000000        0x0 ./Output/Control_Led.o
 .data          0x20000000        0x0 ./Output/GPIO_Config.o
 .data          0x20000000        0x0 ./Output/RCC_Config.o
 .data          0x20000000        0x0 ./Output/main.o
 .data          0x20000000        0x0 ./Output/startup_STM32F1.o
                0x20000000                . = ALIGN (0x4)
                0x20000000                _edata = .

.igot.plt       0x20000000        0x0 load address 0x08000224
 .igot.plt      0x20000000        0x0 ./Output/main.o

.bss            0x20000000        0x0 load address 0x08000224
                0x20000000                _sbss = .
 *(.bss)
 .bss           0x20000000        0x0 ./Output/Control_Led.o
 .bss           0x20000000        0x0 ./Output/GPIO_Config.o
 .bss           0x20000000        0x0 ./Output/RCC_Config.o
 .bss           0x20000000        0x0 ./Output/main.o
 .bss           0x20000000        0x0 ./Output/startup_STM32F1.o
 *(.COMMON)
                0x20000000                . = ALIGN (0x4)
                0x20000000                _ebss = .
LOAD ./Output/Control_Led.o
LOAD ./Output/GPIO_Config.o
LOAD ./Output/RCC_Config.o
LOAD ./Output/main.o
LOAD ./Output/startup_STM32F1.o
OUTPUT(./Bin/toggle_led.elf elf32-littlearm)
LOAD linker stubs

.debug_info     0x00000000      0x570
 .debug_info    0x00000000      0x132 ./Output/Control_Led.o
 .debug_info    0x00000132      0x11a ./Output/GPIO_Config.o
 .debug_info    0x0000024c      0x140 ./Output/RCC_Config.o
 .debug_info    0x0000038c       0x8c ./Output/main.o
 .debug_info    0x00000418      0x158 ./Output/startup_STM32F1.o

.debug_abbrev   0x00000000      0x2d6
 .debug_abbrev  0x00000000       0xa5 ./Output/Control_Led.o
 .debug_abbrev  0x000000a5       0x8b ./Output/GPIO_Config.o
 .debug_abbrev  0x00000130       0x8b ./Output/RCC_Config.o
 .debug_abbrev  0x000001bb       0x44 ./Output/main.o
 .debug_abbrev  0x000001ff       0xd7 ./Output/startup_STM32F1.o

.debug_aranges  0x00000000       0xa0
 .debug_aranges
                0x00000000       0x20 ./Output/Control_Led.o
 .debug_aranges
                0x00000020       0x20 ./Output/GPIO_Config.o
 .debug_aranges
                0x00000040       0x20 ./Output/RCC_Config.o
 .debug_aranges
                0x00000060       0x20 ./Output/main.o
 .debug_aranges
                0x00000080       0x20 ./Output/startup_STM32F1.o

.debug_line     0x00000000      0x43e
 .debug_line    0x00000000      0x11a ./Output/Control_Led.o
 .debug_line    0x0000011a       0xf6 ./Output/GPIO_Config.o
 .debug_line    0x00000210      0x10e ./Output/RCC_Config.o
 .debug_line    0x0000031e       0x53 ./Output/main.o
 .debug_line    0x00000371       0xcd ./Output/startup_STM32F1.o

.debug_str      0x00000000      0x279
 .debug_str     0x00000000      0x14c ./Output/Control_Led.o
                                0x18e (size before relaxing)
 .debug_str     0x0000014c       0x2c ./Output/GPIO_Config.o
                                0x17f (size before relaxing)
 .debug_str     0x00000178       0x67 ./Output/RCC_Config.o
                                0x1a3 (size before relaxing)
 .debug_str     0x000001df       0x1e ./Output/main.o
                                0x146 (size before relaxing)
 .debug_str     0x000001fd       0x7c ./Output/startup_STM32F1.o
                                0x193 (size before relaxing)

.comment        0x00000000       0x49
 .comment       0x00000000       0x49 ./Output/Control_Led.o
                                 0x4a (size before relaxing)
 .comment       0x00000049       0x4a ./Output/GPIO_Config.o
 .comment       0x00000049       0x4a ./Output/RCC_Config.o
 .comment       0x00000049       0x4a ./Output/main.o
 .comment       0x00000049       0x4a ./Output/startup_STM32F1.o

.ARM.attributes
                0x00000000       0x2d
 .ARM.attributes
                0x00000000       0x2d ./Output/Control_Led.o
 .ARM.attributes
                0x0000002d       0x2d ./Output/GPIO_Config.o
 .ARM.attributes
                0x0000005a       0x2d ./Output/RCC_Config.o
 .ARM.attributes
                0x00000087       0x2d ./Output/main.o
 .ARM.attributes
                0x000000b4       0x2d ./Output/startup_STM32F1.o

.debug_frame    0x00000000      0x110
 .debug_frame   0x00000000       0x38 ./Output/Control_Led.o
 .debug_frame   0x00000038       0x30 ./Output/GPIO_Config.o
 .debug_frame   0x00000068       0x30 ./Output/RCC_Config.o
 .debug_frame   0x00000098       0x2c ./Output/main.o
 .debug_frame   0x000000c4       0x4c ./Output/startup_STM32F1.o
